Microchip MPLAB XC8 Compiler V3.00

Linker command line:

-W-3 \
  --edf=C:\Program Files\Microchip\xc8\v3.00\pic\dat\20241204225717_en.msgs \
  -cn -h+dist/default/debug\finalfinal.X.debug.sym \
  --cmf=dist/default/debug\finalfinal.X.debug.cmf -z -Q16F887 \
  -oC:\Users\DELL\AppData\Local\Temp\xcAsi18.\driver_tmp_3.o \
  --defsym=__MPLAB_BUILD=1 --fixupoverflow=error \
  -Mdist/default/debug/finalfinal.X.debug.map \
  --md=C:\Users\DELL\AppData\Local\Temp\xcAsi18.\driver_tmp_0.dat -E1 \
  -ver=XC8 Compiler -ACODE=00h-07FFhx4 -ASTRCODE=00h-01FFFh \
  -ASTRING=00h-0FFhx32 -ACONST=00h-0FFhx32 -AENTRY=00h-0FFhx32 \
  -ACOMMON=070h-07Fh -ABANK0=020h-06Fh -ABANK1=0A0h-0EFh \
  -ABANK2=0110h-016Fh -ABANK3=0190h-01EFh \
  -ARAM=020h-06Fh,0A0h-0EFh,0110h-016Fh,0190h-01EFh \
  -AABS1=020h-07Fh,0A0h-0EFh,0110h-016Fh,0190h-01EFh -ASFR0=00h-01Fh \
  -ASFR1=080h-09Fh -ASFR2=0100h-010Fh -ASFR3=0180h-018Fh \
  -ACONFIG=02007h-02008h -DCONFIG=2 -AIDLOC=02000h-02003h -DIDLOC=2 \
  -AEEDATA=00h-0FFh/02100h -peeprom_data=EEDATA -DEEDATA=2 -DCODE=2 \
  -DSTRCODE=2 -DSTRING=2 -DCONST=2 -DENTRY=2 \
  -preset_vec=00h,intentry,sivt,init,end_init -ppowerup=CODE -pcinit=CODE \
  -pfunctab=ENTRY -k \
  C:\Users\DELL\AppData\Local\Temp\xcAsi18.\driver_tmp_17.o \
  dist/default/debug\finalfinal.X.debug.o 

Object code version is 3.11

Machine type is 16F887



                Name                               Link     Load   Length Selector   Space Scale
C:\Users\DELL\AppData\Local\Temp\xcAsi18.\driver_tmp_17.o
                end_init                              0        0        3        0       0
                config                             2007     2007        1        0       4
dist/default/debug\finalfinal.X.debug.o
                cinit                               7EC      7EC       14      FD8       0
                config                             2007     2007        1        0       4
                text19                              C16      C16        5     182C       0
                text18                              EB2      EB2       A7     1D64       0
                text17                              CB8      CB8       34     1970       0
                text16                              F59      F59       A7     1EB2       0
                text15                              C6B      C6B       26     18D6       0
                text14                              2E0      2E0      1CA      5C0       0
                text13                              C91      C91       27     1922       0
                text12                              4AA      4AA      342      954       0
                text11                               14       14       76       28       0
                text10                               8A       8A       B4      114       0
                text9                               DA6      DA6       72     1B4C       0
                text8                               D43      D43       63     1A86       0
                text7                               CEC      CEC       57     19D8       0
                text6                                 3        3       11        0       0
                text5                               C15      C15        1     182A       0
                text4                               E18      E18       9A     1C30       0
                text3                               1FA      1FA       E6      3F4       0
                text2                               C46      C46       25     188C       0
                text1                               C23      C23       23     1846       0
                maintext                            13E      13E       BC      27C       0
                cstackBANK0                          20       20       48       20       1
                cstackCOMMON                         70       70        E       70       1
                cstackBANK1                          C0       C0       14       A0       1
                clrtext                             C1B      C1B        8     1836       0
                bssBANK1                             A0       A0       20       A0       1
                bssBANK0                             68       68        5       20       1
                strings                             800      800       39     1000       0

TOTAL           Name                               Link     Load   Length     Space
        CLASS   CODE           
                end_init                              0        0        3         0
                cinit                               7EC      7EC       14         0
                text19                              C16      C16        5         0
                text18                              EB2      EB2       A7         0
                text17                              CB8      CB8       34         0
                text16                              F59      F59       A7         0
                text15                              C6B      C6B       26         0
                text14                              2E0      2E0      1CA         0
                text13                              C91      C91       27         0
                text12                              4AA      4AA      342         0
                text11                               14       14       76         0
                text10                               8A       8A       B4         0
                text9                               DA6      DA6       72         0
                text8                               D43      D43       63         0
                text7                               CEC      CEC       57         0
                text6                                 3        3       11         0
                text5                               C15      C15        1         0
                text4                               E18      E18       9A         0
                text3                               1FA      1FA       E6         0
                text2                               C46      C46       25         0
                text1                               C23      C23       23         0
                maintext                            13E      13E       BC         0
                clrtext                             C1B      C1B        8         0

        CLASS   STRCODE        

        CLASS   STRING         
                strings                             800      800       39         0

        CLASS   CONST          

        CLASS   ENTRY          

        CLASS   COMMON         
                cstackCOMMON                         70       70        E         1

        CLASS   BANK0          
                cstackBANK0                          20       20       48         1
                bssBANK0                             68       68        5         1

        CLASS   BANK1          
                cstackBANK1                          C0       C0       14         1
                bssBANK1                             A0       A0       20         1

        CLASS   BANK2          

        CLASS   BANK3          

        CLASS   RAM            

        CLASS   ABS1           
                abs_s1                               7E       7E        2         1

        CLASS   SFR0           

        CLASS   SFR1           

        CLASS   SFR2           

        CLASS   SFR3           

        CLASS   CONFIG         
                config                             2007     2007        1         4

        CLASS   IDLOC          

        CLASS   EEDATA         

        CLASS   HEAP           

        CLASS   STACK          



SEGMENTS        Name                           Load    Length   Top    Selector   Space  Class     Delta

                reset_vec                      000000  000014  000014         0       0  CODE        2
                cstackBANK0                    000020  00004D  00006D        20       1  BANK0       1
                text11                         000014  000076  00008A        28       0  CODE        2
                cstackCOMMON                   000070  00000E  00007E        70       1  COMMON      1
                bssBANK1                       0000A0  000034  0000D4        A0       1  BANK1       1
                text10                         00008A  0000B4  00013E       114       0  CODE        2
                maintext                       00013E  0000BC  0001FA       27C       0  CODE        2
                text3                          0001FA  0000E6  0002E0       3F4       0  CODE        2
                text14                         0002E0  0001CA  0004AA       5C0       0  CODE        2
                text12                         0004AA  000342  0007EC       954       0  CODE        2
                cinit                          0007EC  000014  000800       FD8       0  CODE        2
                strings                        000800  000039  000839      1000       0  STRING      2
                text5                          000C15  000001  000C16      182A       0  CODE        2
                text19                         000C16  000005  000C1B      182C       0  CODE        2
                clrtext                        000C1B  000008  000C23      1836       0  CODE        2
                text1                          000C23  000023  000C46      1846       0  CODE        2
                text2                          000C46  000025  000C6B      188C       0  CODE        2
                text15                         000C6B  000026  000C91      18D6       0  CODE        2
                text13                         000C91  000027  000CB8      1922       0  CODE        2
                text17                         000CB8  000034  000CEC      1970       0  CODE        2
                text7                          000CEC  000057  000D43      19D8       0  CODE        2
                text8                          000D43  000063  000DA6      1A86       0  CODE        2
                text9                          000DA6  000072  000E18      1B4C       0  CODE        2
                text4                          000E18  00009A  000EB2      1C30       0  CODE        2
                text18                         000EB2  0000A7  000F59      1D64       0  CODE        2
                text16                         000F59  0000A7  001000      1EB2       0  CODE        2


UNUSED ADDRESS RANGES

        Name                Unused          Largest block    Delta
        BANK0            006D-006F              3           1
        BANK1            00D4-00EF             1C           1
        BANK2            0110-016F             60           1
        BANK3            0190-01EF             60           1
        CODE             0839-0C14            3DC           2
                         1000-1FFF            800
        CONFIG           2008-2008              1           2
        CONST            0839-0C14            100           2
                         1000-1FFF            100
        EEDATA           2100-21FF            100           2
        ENTRY            0839-0C14            100           2
                         1000-1FFF            100
        IDLOC            2000-2003              4           2
        RAM              006D-006F              3           1
                         00D4-00EF             1C
                         0110-016F             60
                         0190-01EF             60
        SFR0             0000-001F             20           1
        SFR1             0080-009F             20           1
        SFR2             0100-010F             10           1
        SFR3             0180-018F             10           1
        STRCODE          0839-0C14            3DC           2
                         1000-1FFF           1000
        STRING           0839-0C14            100           2
                         1000-1FFF            100

                                  Symbol Table

?_Measure_Distance          cstackBANK0  005E
?__Umul8_16                 cstackCOMMON 0070
?___awdiv                   cstackCOMMON 0070
?___awmod                   cstackCOMMON 0070
?___fldiv                   cstackBANK0  003A
?___flmul                   cstackBANK0  0020
?___fltol                   cstackBANK0  0054
?___xxtofl                  cstackCOMMON 0070
?_abs                       cstackCOMMON 0076
?_sprintf                   cstackBANK0  0031
?_vfprintf                  cstackBANK0  002D
LCD_Char@data               cstackCOMMON 0072
LCD_Command@cmd             cstackCOMMON 0072
LCD_String@str              cstackCOMMON 0073
Measure_Distance@distance   cstackBANK0  0063
Measure_Distance@pulse_time cstackBANK0  0061
_HC_SR04_Init               text19       0C16
_LCD_Char                   text16       0F59
_LCD_Command                text18       0EB2
_LCD_Init                   text17       0CB8
_LCD_String                 text15       0C6B
_Measure_Distance           text9        0DA6
_OSCCON                     (abs)        008F
_RB0                        (abs)        0030
_RB1                        (abs)        0031
_RC0                        (abs)        0038
_RC1                        (abs)        0039
_RD0                        (abs)        0040
_RD1                        (abs)        0041
_RD2                        (abs)        0042
_RD3                        (abs)        0043
_RD4                        (abs)        0044
_RD5                        (abs)        0045
_T1CON                      (abs)        0010
_TMR1H                      (abs)        000F
_TMR1L                      (abs)        000E
_TRISBbits                  (abs)        0086
_TRISCbits                  (abs)        0087
_TRISD                      (abs)        0088
__H__absolute__             __absolute__ 0000
__Habs1                     abs1         0000
__Hbank0                    bank0        0000
__Hbank1                    bank1        0000
__Hbank2                    bank2        0000
__Hbank3                    bank3        0000
__HbssBANK0                 bssBANK0     0000
__HbssBANK1                 bssBANK1     0000
__Hcinit                    cinit        0800
__Hclrtext                  clrtext      0000
__Hcode                     code         0000
__Hcommon                   common       0000
__Hconfig                   config       2008
__HcstackBANK0              cstackBANK0  0000
__HcstackBANK1              cstackBANK1  0000
__HcstackCOMMON             cstackCOMMON 0000
__Heeprom_data              eeprom_data  0000
__Hend_init                 end_init     0003
__Hfunctab                  functab      0000
__Hheap                     heap         0000
__Hinit                     init         0000
__Hintentry                 intentry     0000
__Hmaintext                 maintext     0000
__Hpowerup                  powerup      0000
__Hram                      ram          0000
__Hreset_vec                reset_vec    0000
__Hsfr0                     sfr0         0000
__Hsfr1                     sfr1         0000
__Hsfr2                     sfr2         0000
__Hsfr3                     sfr3         0000
__Hsivt                     sivt         0000
__Hspace_0                  (abs)        1000
__Hspace_1                  (abs)        00D4
__Hspace_2                  (abs)        0000
__Hspace_3                  (abs)        0000
__Hspace_4                  (abs)        400F
__Hstack                    stack        0000
__Hstrings                  strings      0000
__Htext                     text         0000
__L__absolute__             __absolute__ 0000
__Labs1                     abs1         0000
__Lbank0                    bank0        0000
__Lbank1                    bank1        0000
__Lbank2                    bank2        0000
__Lbank3                    bank3        0000
__LbssBANK0                 bssBANK0     0000
__LbssBANK1                 bssBANK1     0000
__Lcinit                    cinit        07EC
__Lclrtext                  clrtext      0000
__Lcode                     code         0000
__Lcommon                   common       0000
__Lconfig                   config       0000
__LcstackBANK0              cstackBANK0  0000
__LcstackBANK1              cstackBANK1  0000
__LcstackCOMMON             cstackCOMMON 0000
__Leeprom_data              eeprom_data  0000
__Lend_init                 end_init     0000
__Lfunctab                  functab      0000
__Lheap                     heap         0000
__Linit                     init         0000
__Lintentry                 intentry     0000
__Lmaintext                 maintext     0000
__Lpowerup                  powerup      0000
__Lram                      ram          0000
__Lreset_vec                reset_vec    0000
__Lsfr0                     sfr0         0000
__Lsfr1                     sfr1         0000
__Lsfr2                     sfr2         0000
__Lsfr3                     sfr3         0000
__Lsivt                     sivt         0000
__Lspace_0                  (abs)        0000
__Lspace_1                  (abs)        0000
__Lspace_2                  (abs)        0000
__Lspace_3                  (abs)        0000
__Lspace_4                  (abs)        0000
__Lstack                    stack        0000
__Lstrings                  strings      0000
__Ltext                     text         0000
__S0                        (abs)        1000
__S1                        (abs)        00D4
__S3                        (abs)        0000
__Umul8_16                  text13       0C91
__Umul8_16@multiplicand     cstackCOMMON 0070
__Umul8_16@multiplier       cstackCOMMON 0078
__Umul8_16@product          cstackCOMMON 0074
__Umul8_16@word_mpld        cstackCOMMON 0076
___awdiv                    text8        0D43
___awdiv@counter            cstackCOMMON 0074
___awdiv@dividend           cstackCOMMON 0072
___awdiv@divisor            cstackCOMMON 0070
___awdiv@quotient           cstackCOMMON 0076
___awdiv@sign               cstackCOMMON 0075
___awmod                    text7        0CEC
___awmod@counter            cstackCOMMON 0074
___awmod@dividend           cstackCOMMON 0072
___awmod@divisor            cstackCOMMON 0070
___awmod@sign               cstackCOMMON 0075
___fldiv                    text14       02E0
___fldiv@a                  cstackBANK0  003A
___fldiv@aexp               cstackBANK0  0053
___fldiv@b                  cstackBANK0  003E
___fldiv@bexp               cstackBANK0  0052
___fldiv@grs                cstackBANK0  004E
___fldiv@new_exp            cstackBANK0  004C
___fldiv@rem                cstackBANK0  0047
___fldiv@sign               cstackBANK0  004B
___flmul                    text12       04AA
___flmul@a                  cstackBANK0  0024
___flmul@aexp               cstackBANK0  0032
___flmul@b                  cstackBANK0  0020
___flmul@bexp               cstackBANK0  0033
___flmul@grs                cstackBANK0  002E
___flmul@prod               cstackBANK0  0034
___flmul@sign               cstackBANK0  002D
___flmul@temp               cstackBANK0  0038
___fltol                    text11       0014
___fltol@exp1               cstackBANK0  005D
___fltol@f1                 cstackBANK0  0054
___fltol@sign1              cstackBANK0  005C
___heap_hi                  (abs)        0000
___heap_lo                  (abs)        0000
___int_sp                   stack        0000
___int_stack_hi             stack        0000
___int_stack_lo             stack        0000
___latbits                  (abs)        0002
___sp                       stack        0000
___stack_hi                 stack        0000
___stack_lo                 stack        0000
___stackhi                  (abs)        0000
___stacklo                  (abs)        0000
___xxtofl                   text10       008A
___xxtofl@arg               cstackCOMMON 007A
___xxtofl@exp               cstackCOMMON 0079
___xxtofl@sign              cstackCOMMON 0078
___xxtofl@val               cstackCOMMON 0070
__end_of_HC_SR04_Init       text19       0C1B
__end_of_LCD_Char           text16       1000
__end_of_LCD_Command        text18       0F59
__end_of_LCD_Init           text17       0CEC
__end_of_LCD_String         text15       0C91
__end_of_Measure_Distance   text9        0E18
__end_of__Umul8_16          text13       0CB8
__end_of___awdiv            text8        0DA6
__end_of___awmod            text7        0D43
__end_of___fldiv            text14       04AA
__end_of___flmul            text12       07EC
__end_of___fltol            text11       008A
__end_of___xxtofl           text10       013E
__end_of__initialization    cinit        07FC
__end_of__stringtab         strings      0810
__end_of_abs                text6        0014
__end_of_fputc              text4        0EB2
__end_of_main               maintext     01FA
__end_of_putch              text5        0C16
__end_of_sprintf            text1        0C46
__end_of_vfpfcnvrt          text3        02E0
__end_of_vfprintf           text2        0C6B
__initialization            cinit        07EC
__pbssBANK0                 bssBANK0     0068
__pbssBANK1                 bssBANK1     00A0
__pcstackBANK0              cstackBANK0  0020
__pcstackBANK1              cstackBANK1  00C0
__pcstackCOMMON             cstackCOMMON 0070
__pmaintext                 maintext     013E
__pstrings                  strings      0800
__ptext1                    text1        0C23
__ptext10                   text10       008A
__ptext11                   text11       0014
__ptext12                   text12       04AA
__ptext13                   text13       0C91
__ptext14                   text14       02E0
__ptext15                   text15       0C6B
__ptext16                   text16       0F59
__ptext17                   text17       0CB8
__ptext18                   text18       0EB2
__ptext19                   text19       0C16
__ptext2                    text2        0C46
__ptext3                    text3        01FA
__ptext4                    text4        0E18
__ptext5                    text5        0C15
__ptext6                    text6        0003
__ptext7                    text7        0CEC
__ptext8                    text8        0D43
__ptext9                    text9        0DA6
__stringbase                strings      080F
__stringtab                 strings      0800
_abs                        text6        0003
_dbuf                       bssBANK1     00A0
_flags                      bssBANK0     006C
_fputc                      text4        0E18
_main                       maintext     013E
_prec                       bssBANK0     006A
_putch                      text5        0C15
_sprintf                    text1        0C23
_vfpfcnvrt                  text3        01FA
_vfprintf                   text2        0C46
_width                      bssBANK0     0068
abs@a                       cstackCOMMON 0076
btemp                       (abs)        007E
clear_ram0                  clrtext      0C1B
end_of_initialization       cinit        07FC
fputc@c                     cstackCOMMON 0070
fputc@fp                    cstackCOMMON 0072
intlevel0                   functab      0000
intlevel1                   functab      0000
intlevel2                   functab      0000
intlevel3                   functab      0000
intlevel4                   functab      0000
intlevel5                   functab      0000
main@buffer                 cstackBANK1  00C0
main@countdown              cstackBANK1  00D2
main@distance               cstackBANK1  00D0
reset_vec                   reset_vec    0000
sprintf@ap                  cstackBANK0  0036
sprintf@f                   cstackBANK0  0037
sprintf@fmt                 cstackBANK0  0032
sprintf@s                   cstackBANK0  0031
start                       init         0000
start_initialization        cinit        07EC
vfpfcnvrt@ap                cstackBANK0  0023
vfpfcnvrt@c                 cstackBANK0  002C
vfpfcnvrt@convarg           cstackBANK0  0028
vfpfcnvrt@cp                cstackBANK0  0027
vfpfcnvrt@done              cstackBANK0  0026
vfpfcnvrt@fmt               cstackBANK0  0022
vfpfcnvrt@fp                cstackBANK0  0020
vfprintf@ap                 cstackBANK0  0030
vfprintf@cfmt               cstackCOMMON 007D
vfprintf@fmt                cstackBANK0  002F
vfprintf@fp                 cstackBANK0  002D
wtemp0                      (abs)        007E


MODULE INFORMATION

Module		Function		Class		Link	Load	Size
C:\Program Files\Microchip\xc8\v3.00\pic\sources\c99\common\abs.c
		_abs           		CODE           	0003	0000	17

C:\Program Files\Microchip\xc8\v3.00\pic\sources\c99\common\abs.c estimated size: 17

C:\Program Files\Microchip\xc8\v3.00\pic\sources\c99\common\nf_fputc.c
		_fputc         		CODE           	0E18	0000	154

C:\Program Files\Microchip\xc8\v3.00\pic\sources\c99\common\nf_fputc.c estimated size: 154

C:\Program Files\Microchip\xc8\v3.00\pic\sources\c99\common\nf_sprintf.c
		_sprintf       		CODE           	0C23	0000	35

C:\Program Files\Microchip\xc8\v3.00\pic\sources\c99\common\nf_sprintf.c estimated size: 35

C:\Program Files\Microchip\xc8\v3.00\pic\sources\c99\common\awmod.c
		___awmod       		CODE           	0CEC	0000	87

C:\Program Files\Microchip\xc8\v3.00\pic\sources\c99\common\awmod.c estimated size: 87

C:\Program Files\Microchip\xc8\v3.00\pic\sources\c99\common\putch.c
		_putch         		CODE           	0C15	0000	1

C:\Program Files\Microchip\xc8\v3.00\pic\sources\c99\common\putch.c estimated size: 1

C:\Program Files\Microchip\xc8\v3.00\pic\sources\c99\common\sprcmul.c
		___flmul       		CODE           	04AA	0000	834

C:\Program Files\Microchip\xc8\v3.00\pic\sources\c99\common\sprcmul.c estimated size: 834

C:\Program Files\Microchip\xc8\v3.00\pic\sources\c99\common\sprcdiv.c
		___fldiv       		CODE           	02E0	0000	458

C:\Program Files\Microchip\xc8\v3.00\pic\sources\c99\common\sprcdiv.c estimated size: 458

shared
		__stringtab    		STRING         	0800	0000	16
		__initialization		CODE           	07EC	0000	16

shared estimated size: 32

C:\Program Files\Microchip\xc8\v3.00\pic\sources\c99\common\xxtofl.c
		___xxtofl      		CODE           	008A	0000	180

C:\Program Files\Microchip\xc8\v3.00\pic\sources\c99\common\xxtofl.c estimated size: 180

nnn.c
		_LCD_String    		CODE           	0C6B	0000	38
		_Measure_Distance		CODE           	0DA6	0000	114
		_LCD_Init      		CODE           	0CB8	0000	52
		_LCD_Command   		CODE           	0EB2	0000	167
		_main          		CODE           	013E	0000	188
		_LCD_Char      		CODE           	0F59	0000	167
		_HC_SR04_Init  		CODE           	0C16	0000	5

nnn.c estimated size: 731

C:\Program Files\Microchip\xc8\v3.00\pic\sources\c99\common\awdiv.c
		___awdiv       		CODE           	0D43	0000	99

C:\Program Files\Microchip\xc8\v3.00\pic\sources\c99\common\awdiv.c estimated size: 99

C:\Program Files\Microchip\xc8\v3.00\pic\sources\c99\common\fltol.c
		___fltol       		CODE           	0014	0000	118

C:\Program Files\Microchip\xc8\v3.00\pic\sources\c99\common\fltol.c estimated size: 118

C:\Program Files\Microchip\xc8\v3.00\pic\sources\c99\common\doprnt.c
		_vfpfcnvrt     		CODE           	01FA	0000	230
		_vfprintf      		CODE           	0C46	0000	37

C:\Program Files\Microchip\xc8\v3.00\pic\sources\c99\common\doprnt.c estimated size: 267

C:\Program Files\Microchip\xc8\v3.00\pic\sources\c99\common\Umul8_16.c
		__Umul8_16     		CODE           	0C91	0000	39

C:\Program Files\Microchip\xc8\v3.00\pic\sources\c99\common\Umul8_16.c estimated size: 39

